com\app\arcx\repository\StepsToHelpPrepareItemsRepository.class
com\app\arcx\repository\StepsToHelpPrepareSubItemsRepository.class
com\app\arcx\ArcxApplication.class
com\app\arcx\errors\GlobalRestExceptionHandler.class
com\app\arcx\domain\Regions.class
com\app\arcx\domain\AreaOfInterest.class
com\app\arcx\config\WebMvcConfig.class
com\app\arcx\config\CustomControllerConfiguration.class
com\app\arcx\repository\AreaOfInterestSubItemsRepository.class
META-INF\spring-configuration-metadata.json
com\app\arcx\domain\StepsToHelpPrepareSubItems.class
com\app\arcx\config\ApplicationProperties.class
com\app\arcx\domain\AreaOfInterestSubItems.class
com\app\arcx\domain\StepsToHelpPrepareItems.class
com\app\arcx\config\SwaggerSpringFoxConfig.class
com\app\arcx\repository\AdditionalInformationRepository.class
com\app\arcx\repository\RegionsRepository.class
com\app\arcx\repository\StepsToHelpPrepareRepository.class
com\app\arcx\repository\AreaOfInterestRepository.class
com\app\arcx\config\JacksonConfiguration.class
com\app\arcx\domain\AdditionalInformation.class
com\app\arcx\config\SpringDataRestCustomization.class
com\app\arcx\config\Constants.class
com\app\arcx\config\ConfigureRepositoriesPopulator.class
com\app\arcx\repository\AreaOfInterestItemsRepository.class
com\app\arcx\domain\StepsToHelpPrepare.class
com\app\arcx\config\DefaultProfileUtil.class
com\app\arcx\domain\AreaOfInterestItems.class
com\app\arcx\config\DatabaseConfiguration.class
