C:\Users\JPOWEL01\IdeaProjects\arcx-public-api\src\main\java\com\app\arcx\config\DefaultProfileUtil.java
C:\Users\JPOWEL01\IdeaProjects\arcx-public-api\src\main\java\com\app\arcx\domain\StepsToHelpPrepare.java
C:\Users\JPOWEL01\IdeaProjects\arcx-public-api\src\main\java\com\app\arcx\repository\AreaOfInterestItemsRepository.java
C:\Users\JPOWEL01\IdeaProjects\arcx-public-api\src\main\java\com\app\arcx\domain\AdditionalInformation.java
C:\Users\JPOWEL01\IdeaProjects\arcx-public-api\src\main\java\com\app\arcx\config\Constants.java
C:\Users\JPOWEL01\IdeaProjects\arcx-public-api\src\main\java\com\app\arcx\config\CustomControllerConfiguration.java
C:\Users\JPOWEL01\IdeaProjects\arcx-public-api\src\main\java\com\app\arcx\config\DatabaseConfiguration.java
C:\Users\JPOWEL01\IdeaProjects\arcx-public-api\src\main\java\com\app\arcx\config\ApplicationProperties.java
C:\Users\JPOWEL01\IdeaProjects\arcx-public-api\src\main\java\com\app\arcx\config\ConfigureRepositoriesPopulator.java
C:\Users\JPOWEL01\IdeaProjects\arcx-public-api\src\main\java\com\app\arcx\repository\RegionsRepository.java
C:\Users\JPOWEL01\IdeaProjects\arcx-public-api\src\main\java\com\app\arcx\config\JacksonConfiguration.java
C:\Users\JPOWEL01\IdeaProjects\arcx-public-api\src\main\java\com\app\arcx\domain\StepsToHelpPrepareSubItems.java
C:\Users\JPOWEL01\IdeaProjects\arcx-public-api\src\main\java\com\app\arcx\config\SpringDataRestCustomization.java
C:\Users\JPOWEL01\IdeaProjects\arcx-public-api\src\main\java\com\app\arcx\domain\Regions.java
C:\Users\JPOWEL01\IdeaProjects\arcx-public-api\src\main\java\com\app\arcx\domain\AreaOfInterestSubItems.java
C:\Users\JPOWEL01\IdeaProjects\arcx-public-api\src\main\java\com\app\arcx\ArcxApplication.java
C:\Users\JPOWEL01\IdeaProjects\arcx-public-api\src\main\java\com\app\arcx\repository\AdditionalInformationRepository.java
C:\Users\JPOWEL01\IdeaProjects\arcx-public-api\src\main\java\com\app\arcx\repository\StepsToHelpPrepareItemsRepository.java
C:\Users\JPOWEL01\IdeaProjects\arcx-public-api\src\main\java\com\app\arcx\config\SwaggerSpringFoxConfig.java
C:\Users\JPOWEL01\IdeaProjects\arcx-public-api\src\main\java\com\app\arcx\repository\AreaOfInterestRepository.java
C:\Users\JPOWEL01\IdeaProjects\arcx-public-api\src\main\java\com\app\arcx\config\WebMvcConfig.java
C:\Users\JPOWEL01\IdeaProjects\arcx-public-api\src\main\java\com\app\arcx\domain\StepsToHelpPrepareItems.java
C:\Users\JPOWEL01\IdeaProjects\arcx-public-api\src\main\java\com\app\arcx\repository\StepsToHelpPrepareSubItemsRepository.java
C:\Users\JPOWEL01\IdeaProjects\arcx-public-api\src\main\java\com\app\arcx\domain\AreaOfInterestItems.java
C:\Users\JPOWEL01\IdeaProjects\arcx-public-api\src\main\java\com\app\arcx\repository\AreaOfInterestSubItemsRepository.java
C:\Users\JPOWEL01\IdeaProjects\arcx-public-api\src\main\java\com\app\arcx\domain\AreaOfInterest.java
C:\Users\JPOWEL01\IdeaProjects\arcx-public-api\src\main\java\com\app\arcx\errors\GlobalRestExceptionHandler.java
C:\Users\JPOWEL01\IdeaProjects\arcx-public-api\src\main\java\com\app\arcx\repository\StepsToHelpPrepareRepository.java
